[vlxddaiphucvinh.net/index.html]
[backblue.gif]
[fade.gif]
[index.html]
[vlxddaiphucvinh.net/upload/hinhanh/untitled-4-8097_40x11.594202898551.png]
[vlxddaiphucvinh.net/upload/hinhanh/logo-03-915_199x140.png]
[vlxddaiphucvinh.net/js/bootstrap/css/bootstrap.min.css]
[vlxddaiphucvinh.net/style.css]
[vlxddaiphucvinh.net/css/default.css]
[vlxddaiphucvinh.net/css/fonts.css]
[vlxddaiphucvinh.net/css/font-awesome/css/font-awesome.min.css]
[vlxddaiphucvinh.net/css/jquery.mmenu.all.css]
[vlxddaiphucvinh.net/css/slick.css]
[vlxddaiphucvinh.net/css/slick-theme.css]
[vlxddaiphucvinh.net/css/animate.css]
[vlxddaiphucvinh.net/js/jssor/jssor.css]
[vlxddaiphucvinh.net/upload/hinhanh/bg-head-02-5582_1366x151.jpg]
[vlxddaiphucvinh.net/upload/hinhanh/bg-ft-02-5804_1366x304.jpg]
[vlxddaiphucvinh.net/upload/hinhanh/z3227930772755-8b257b26030d5b9ca1cde07530bccd99-7964_545x123.jpg]
[vlxddaiphucvinh.net/images/hot_07.png]
[vlxddaiphucvinh.net/gioi-thieu.html]
[vlxddaiphucvinh.net/san-pham.html]
[vlxddaiphucvinh.net/cat-xay-dung.html]
[vlxddaiphucvinh.net/da-xay-dung.html]
[vlxddaiphucvinh.net/bang-gia.html]
[vlxddaiphucvinh.net/dich-vu.html]
[vlxddaiphucvinh.net/tin-tuc.html]
[vlxddaiphucvinh.net/lien-he.html]
[vlxddaiphucvinh.net/upload/hinhanh/1366x500x1/140877092190517.jpg]
[vlxddaiphucvinh.net/upload/hinhanh/1366x500x1/856209409400023.jpg]
[vlxddaiphucvinh.net/upload/hinhanh/gthieu-03-2749_477x386.jpg]
[vlxddaiphucvinh.net/upload/hinhanh/z3227978015987-65b56c5d43e1503445684fbfa4cc717a-2435_1366x354.jpg]
[vlxddaiphucvinh.net/da-mi-sang.html]
[vlxddaiphucvinh.net/upload/baiviet/271x205x1/da-mi-sang-8647.jpg]
[vlxddaiphucvinh.net/da-mi-bui.html]
[vlxddaiphucvinh.net/upload/baiviet/271x205x1/da-mi-bui-9357.jpg]
[vlxddaiphucvinh.net/da-1x2.html]
[vlxddaiphucvinh.net/upload/baiviet/271x205x1/da-1x2-2996.jpg]
[vlxddaiphucvinh.net/da-0x4.html]
[vlxddaiphucvinh.net/upload/baiviet/271x205x1/da-0x4-9405.jpg]
[vlxddaiphucvinh.net/cat-xay-to.html]
[vlxddaiphucvinh.net/upload/baiviet/271x205x1/cat-xay-to-2051.jpg]
[vlxddaiphucvinh.net/cat-san-lap.html]
[vlxddaiphucvinh.net/upload/baiviet/271x205x1/cat-san-lap-9215.jpg]
[vlxddaiphucvinh.net/cat-be-tong.html]
[vlxddaiphucvinh.net/upload/baiviet/271x205x1/cat-be-tong-801.jpg]
[vlxddaiphucvinh.net/da-4x6.html]
[vlxddaiphucvinh.net/upload/baiviet/271x205x1/da-4x6-1916.jpg]
[img.youtube.com/vi/e5TQxSyIt30/sddefault.jpg]
[img.youtube.com/vi/5wMwnMD-lgs/sddefault.jpg]
[vlxddaiphucvinh.net/chinh-sach-bao-hanh.html]
[vlxddaiphucvinh.net/van-chuyen-nhanh.html]
[vlxddaiphucvinh.net/toc-do-chuan-nhanh.html]
[vlxddaiphucvinh.net/upload/hinhanh/lkw-03-6190_34x26.png]
[vlxddaiphucvinh.net/upload/hinhanh/lkw-05-4513_34x26.png]
[vlxddaiphucvinh.net/upload/hinhanh/lkw-07-2859_34x26.png]
[vlxddaiphucvinh.net/upload/hinhanh/lkw-09-8149_34x26.png]
[vlxddaiphucvinh.net/js/jquery-migrate-1.2.1.min.js]
[vlxddaiphucvinh.net/js/jquery.mmenu.min.all.js]
[vlxddaiphucvinh.net/main.js]
[vlxddaiphucvinh.net/js/slick.min.js]
[vlxddaiphucvinh.net/my_script.js]
[vlxddaiphucvinh.net/js/jssor/jssor_1_slider_init.js]
[vlxddaiphucvinh.net/js/jquery-1.11.3.min.js]
[vlxddaiphucvinh.net/js/jssor/jssor.slider-25.2.0.min.js]
[connect.facebook.net/vi_VN/sdk.js]
[s7.addthis.com/js/300/addthis_widget.js]
[www.google.com/recaptcha/apief80.js]
[vlxddaiphucvinh.net/js/wow.min.js]
[vlxddaiphucvinh.net/images/icon-t3.png]
[vlxddaiphucvinh.net/images/icon-t4.png]
[vlxddaiphucvinh.net/js/contactus/jquery.contactus.min.css]
[vlxddaiphucvinh.net/index.html]
[vlxddaiphucvinh.net/js/contactus/jquery.contactus.min.js]
[vlxddaiphucvinh.net/js/bootstrap/fonts/glyphicons-halflings-regular.eot]
[vlxddaiphucvinh.net/js/bootstrap/fonts/glyphicons-halflings-regulard41d.eot]
[vlxddaiphucvinh.net/js/bootstrap/fonts/glyphicons-halflings-regular.woff]
[vlxddaiphucvinh.net/js/bootstrap/fonts/glyphicons-halflings-regular.ttf]
[vlxddaiphucvinh.net/js/bootstrap/css/bootstrap.min.css]
[vlxddaiphucvinh.net/js/bootstrap/fonts/glyphicons-halflings-regular.svg]
[vlxddaiphucvinh.net/images/gach_menu.jpg]
[vlxddaiphucvinh.net/images/search.png]
[vlxddaiphucvinh.net/images/prev_s.png]
[vlxddaiphucvinh.net/images/hot_03.png]
[vlxddaiphucvinh.net/style.css]
[vlxddaiphucvinh.net/images/icon/plus-icon.png]
[vlxddaiphucvinh.net/images/backgrounds/pagingBg.png]
[vlxddaiphucvinh.net/images/backgrounds/sideGradient.png]
[vlxddaiphucvinh.net/css/default.css]
[vlxddaiphucvinh.net/css/fonts/vni.common.VFRANKO.eot]
[vlxddaiphucvinh.net/css/fonts/vni.common.VFRANKO.woff]
[vlxddaiphucvinh.net/css/fonts/vni.common.VFRANKO.ttf]
[vlxddaiphucvinh.net/css/fonts/vni.common.VFRANKO.svg]
[vlxddaiphucvinh.net/css/fonts/OpenSansBold.eot]
[vlxddaiphucvinh.net/css/fonts/OpenSansBold.woff2]
[vlxddaiphucvinh.net/css/fonts/OpenSansBold.woff]
[vlxddaiphucvinh.net/css/fonts/OpenSansBold.ttf]
[vlxddaiphucvinh.net/css/fonts/OpenSansBold.svg]
[vlxddaiphucvinh.net/css/fonts/RobotoMedium.eot]
[vlxddaiphucvinh.net/css/fonts/RobotoMedium.woff2]
[vlxddaiphucvinh.net/css/fonts/RobotoMedium.woff]
[vlxddaiphucvinh.net/css/fonts/RobotoMedium.ttf]
[vlxddaiphucvinh.net/css/fonts/RobotoMedium.svg]
[vlxddaiphucvinh.net/css/fonts/RobotoRegular.eot]
[vlxddaiphucvinh.net/css/fonts/RobotoRegular.woff2]
[vlxddaiphucvinh.net/css/fonts/RobotoRegular.woff]
[vlxddaiphucvinh.net/css/fonts/RobotoRegular.ttf]
[vlxddaiphucvinh.net/css/fonts/RobotoRegular.svg]
[vlxddaiphucvinh.net/css/fonts/RobotoBold.eot]
[vlxddaiphucvinh.net/css/fonts/RobotoBold.woff2]
[vlxddaiphucvinh.net/css/fonts/RobotoBold.woff]
[vlxddaiphucvinh.net/css/fonts/RobotoBold.ttf]
[vlxddaiphucvinh.net/css/fonts/RobotoBlack.eot]
[vlxddaiphucvinh.net/css/fonts/RobotoBold.svg]
[vlxddaiphucvinh.net/css/fonts/RobotoBlack.woff2]
[vlxddaiphucvinh.net/css/fonts/RobotoBlack.woff]
[vlxddaiphucvinh.net/css/fonts/RobotoBlack.ttf]
[vlxddaiphucvinh.net/css/fonts/RobotoCondensedBold.eot]
[vlxddaiphucvinh.net/css/fonts/RobotoBlack.svg]
[vlxddaiphucvinh.net/css/fonts/RobotoCondensedBold.woff2]
[vlxddaiphucvinh.net/css/fonts/RobotoCondensedBold.woff]
[vlxddaiphucvinh.net/css/fonts/RobotoCondensedBold.ttf]
[vlxddaiphucvinh.net/css/fonts/RobotoCondensedRegular.eot]
[vlxddaiphucvinh.net/css/fonts/RobotoCondensedBold.svg]
[vlxddaiphucvinh.net/css/fonts/RobotoCondensedRegular.woff2]
[vlxddaiphucvinh.net/css/fonts/RobotoCondensedRegular.woff]
[vlxddaiphucvinh.net/css/fonts/RobotoCondensedRegular.ttf]
[vlxddaiphucvinh.net/css/fonts/RobotoItalic.eot]
[vlxddaiphucvinh.net/css/fonts/RobotoCondensedRegular.svg]
[vlxddaiphucvinh.net/css/fonts/RobotoItalic.woff2]
[vlxddaiphucvinh.net/css/fonts/RobotoItalic.woff]
[vlxddaiphucvinh.net/css/fonts/RobotoItalic.ttf]
[vlxddaiphucvinh.net/css/fonts/SFUHelveticaLight.eot]
[vlxddaiphucvinh.net/css/fonts/RobotoItalic.svg]
[vlxddaiphucvinh.net/css/fonts/SFUHelveticaLight.woff2]
[vlxddaiphucvinh.net/css/fonts/SFUHelveticaLight.woff]
[vlxddaiphucvinh.net/css/fonts/SFUHelveticaLight.ttf]
[vlxddaiphucvinh.net/css/fonts/SFUHelveticaLight.svg]
[vlxddaiphucvinh.net/css/fonts/VSWISC.eot]
[vlxddaiphucvinh.net/css/fonts/VSWISC.woff]
[vlxddaiphucvinh.net/css/fonts/VSWISC.ttf]
[vlxddaiphucvinh.net/css/fonts/VSWISC.svg]
[vlxddaiphucvinh.net/css/fonts/SFUEurostileCondensed.eot]
[vlxddaiphucvinh.net/css/fonts/SFUEurostileCondensed.woff2]
[vlxddaiphucvinh.net/css/fonts/SFUEurostileCondensed.woff]
[vlxddaiphucvinh.net/css/fonts/SFUEurostileCondensed.ttf]
[vlxddaiphucvinh.net/css/fonts/SFUEurostileCondensed.svg]
[vlxddaiphucvinh.net/css/fonts/SFUFuturaBook.eot]
[vlxddaiphucvinh.net/css/fonts/SFUFuturaBook.woff2]
[vlxddaiphucvinh.net/css/fonts/SFUFuturaBook.woff]
[vlxddaiphucvinh.net/css/fonts/SFUFuturaBook.ttf]
[vlxddaiphucvinh.net/css/fonts/SFUFuturaBook.svg]
[vlxddaiphucvinh.net/css/fonts/UTMAvo.eot]
[vlxddaiphucvinh.net/css/fonts/UTMAvo.woff2]
[vlxddaiphucvinh.net/css/fonts/UTMAvo.woff]
[vlxddaiphucvinh.net/css/fonts/UTMAvo.ttf]
[vlxddaiphucvinh.net/css/fonts/UTMAvo.svg]
[vlxddaiphucvinh.net/css/fonts/UTMAvoBold.eot]
[vlxddaiphucvinh.net/css/fonts/UTMAvoBold.woff2]
[vlxddaiphucvinh.net/css/fonts/UTMAvoBold.woff]
[vlxddaiphucvinh.net/css/fonts/UTMAvoBold.ttf]
[vlxddaiphucvinh.net/css/fonts/UTMAvoBold.svg]
[vlxddaiphucvinh.net/css/fonts/GothamNarrowBook.eot]
[vlxddaiphucvinh.net/css/fonts/GothamNarrowBook.woff2]
[vlxddaiphucvinh.net/css/fonts/GothamNarrowBook.woff]
[vlxddaiphucvinh.net/css/fonts/GothamNarrowBook.ttf]
[vlxddaiphucvinh.net/css/fonts/GothamNarrowBook.svg]
[vlxddaiphucvinh.net/css/fonts/UTMHelvetIns.eot]
[vlxddaiphucvinh.net/css/fonts/UTMHelvetIns.woff2]
[vlxddaiphucvinh.net/css/fonts/UTMHelvetIns.woff]
[vlxddaiphucvinh.net/css/fonts/UTMHelvetIns.ttf]
[vlxddaiphucvinh.net/css/fonts.css]
[vlxddaiphucvinh.net/css/font-awesome/fonts/fontawesome-webfont3295.eot]
[vlxddaiphucvinh.net/css/fonts/UTMHelvetIns.svg]
[vlxddaiphucvinh.net/css/font-awesome/fonts/fontawesome-webfontd41d.eot]
[vlxddaiphucvinh.net/css/font-awesome/fonts/fontawesome-webfont3295.woff2]
[vlxddaiphucvinh.net/css/font-awesome/fonts/fontawesome-webfont3295.woff]
[vlxddaiphucvinh.net/css/font-awesome/fonts/fontawesome-webfont3295.ttf]
[vlxddaiphucvinh.net/css/font-awesome/fonts/fontawesome-webfont3295.svg]
[vlxddaiphucvinh.net/css/font-awesome/css/font-awesome.min.css]
[vlxddaiphucvinh.net/images/icon_menu.png]
[vlxddaiphucvinh.net/css/jquery.mmenu.all.css]
[vlxddaiphucvinh.net/css/slick.css]
[vlxddaiphucvinh.net/css/slick-theme.css]
[vlxddaiphucvinh.net/css/animate.css]
[vlxddaiphucvinh.net/js/images/bg_slidercontent.png]
[vlxddaiphucvinh.net/js/jssor/jssor.css]
[vlxddaiphucvinh.net/upload/hinhanh/gthieu-03-2749.jpg]
[vlxddaiphucvinh.net/index.af.delayed]
[vlxddaiphucvinh.net/gioi-thieu.html]
[vlxddaiphucvinh.net/amp/san-pham.html]
[vlxddaiphucvinh.net/upload/hinhanh/untitled-4-6262.png]
[vlxddaiphucvinh.net/dpv-da-mi-sang.html]
[vlxddaiphucvinh.net/upload/product/275x210x1/da-mi-sang-4795.jpg]
[vlxddaiphucvinh.net/dpv-da-mi-bui.html]
[vlxddaiphucvinh.net/upload/product/275x210x1/da-mi-bui-7872.jpg]
[vlxddaiphucvinh.net/dpv-da-4x6.html]
[vlxddaiphucvinh.net/upload/product/275x210x1/da-4x6-4640.jpg]
[vlxddaiphucvinh.net/dpv-da-1x2.html]
[vlxddaiphucvinh.net/upload/product/275x210x1/da-1x2-7066.jpg]
[vlxddaiphucvinh.net/dpv-da-0x4.html]
[vlxddaiphucvinh.net/upload/product/275x210x1/da-0x4-7411.jpg]
[vlxddaiphucvinh.net/dpv-cat-xay-to.html]
[vlxddaiphucvinh.net/upload/product/275x210x1/cat-xay-to-8004.jpg]
[vlxddaiphucvinh.net/dpv-cat-san-lap.html]
[vlxddaiphucvinh.net/upload/product/275x210x1/cat-san-lap-7012.jpg]
[vlxddaiphucvinh.net/dpv-cat-be-tong.html]
[vlxddaiphucvinh.net/upload/product/275x210x1/cat-be-tong-4133.jpg]
[vlxddaiphucvinh.net/js/magiczoomplus/magiczoomplus.css]
[vlxddaiphucvinh.net/san-pham.html]
[vlxddaiphucvinh.net/amp/cat-xay-dung.html]
[vlxddaiphucvinh.net/cat-xay-dung.html]
[vlxddaiphucvinh.net/amp/da-xay-dung.html]
[vlxddaiphucvinh.net/da-xay-dung.html]
[vlxddaiphucvinh.net/upload/hinhanh/index.html]
[vlxddaiphucvinh.net/upload/baiviet/da-mi-sang-8647_288x218.jpg]
[vlxddaiphucvinh.net/upload/baiviet/da-mi-bui-9357_288x218.jpg]
[vlxddaiphucvinh.net/upload/baiviet/da-4x6-1916_288x218.jpg]
[vlxddaiphucvinh.net/js/magiczoomplus/magiczoomplus.js]
[vlxddaiphucvinh.net/upload/baiviet/da-1x2-2996_288x218.jpg]
[vlxddaiphucvinh.net/upload/baiviet/da-0x4-9405_288x218.jpg]
[vlxddaiphucvinh.net/upload/baiviet/cat-xay-to-2051_288x218.jpg]
[vlxddaiphucvinh.net/upload/baiviet/cat-san-lap-9215_288x218.jpg]
[vlxddaiphucvinh.net/upload/baiviet/cat-be-tong-801_288x218.jpg]
[vlxddaiphucvinh.net/bang-gia.html]
[vlxddaiphucvinh.net/dich-vu.html]
[vlxddaiphucvinh.net/upload/hinhanh/logo2-7307.png]
[vlxddaiphucvinh.net/xu-huong-su-dung-vat-lieu-xanh-trong-xay-dung.html]
[vlxddaiphucvinh.net/upload/baiviet/211bc5bde7f307ad5ee2-7270-1536296055-3039_288x218.jpg]
[vlxddaiphucvinh.net/uu-the-cua-vat-lieu-xay-dung-than-thien-moi-truong.html]
[vlxddaiphucvinh.net/upload/baiviet/cg2a7193-1586264021-1586264904-4263-1586265039-8082_288x218.jpg]
[vlxddaiphucvinh.net/tin-tuc.html]
[vlxddaiphucvinh.net/lien-he.html]
[vlxddaiphucvinh.net/upload/baiviet/da-mi-sang-8647.jpg]
[vlxddaiphucvinh.net/images/tinkhac.png]
[vlxddaiphucvinh.net/da-mi-sang.html]
[vlxddaiphucvinh.net/upload/baiviet/da-mi-bui-9357.jpg]
[vlxddaiphucvinh.net/da-mi-bui.html]
[vlxddaiphucvinh.net/upload/baiviet/da-1x2-2996.jpg]
[vlxddaiphucvinh.net/da-1x2.html]
[vlxddaiphucvinh.net/upload/baiviet/da-0x4-9405.jpg]
[vlxddaiphucvinh.net/da-0x4.html]
[vlxddaiphucvinh.net/upload/baiviet/cat-xay-to-2051.jpg]
[vlxddaiphucvinh.net/cat-xay-to.html]
[vlxddaiphucvinh.net/upload/baiviet/cat-san-lap-9215.jpg]
[vlxddaiphucvinh.net/cat-san-lap.html]
[vlxddaiphucvinh.net/upload/baiviet/cat-be-tong-801.jpg]
[vlxddaiphucvinh.net/cat-be-tong.html]
[vlxddaiphucvinh.net/upload/baiviet/da-4x6-1916.jpg]
[vlxddaiphucvinh.net/da-4x6.html]
[img.youtube.com/vi/lscpLoLAmEc/sddefault.jpg]
[vlxddaiphucvinh.net/chinh-sach.html]
[vlxddaiphucvinh.net/upload/baiviet/index.html]
[vlxddaiphucvinh.net/chinh-sach-bao-hanh.html]
[vlxddaiphucvinh.net/van-chuyen-nhanh.html]
[vlxddaiphucvinh.net/toc-do-chuan-nhanh.html]
[connect.facebook.net/vi_VN/sdk.js]
[dongphuckimvang.vn/themes/KimVangV2/images/img/ring-alt.gif]
[vlxddaiphucvinh.net/js/contactus/jquery.contactus.min.css]
[vlxddaiphucvinh.net/js/bootstrap/fonts/glyphicons-halflings-regular.svg]
[vlxddaiphucvinh.net/images/gach_menu.html]
[vlxddaiphucvinh.net/images/backgrounds/pagingBg.html]
[vlxddaiphucvinh.net/images/backgrounds/sideGradient.html]
[vlxddaiphucvinh.net/css/fonts/vni.common.VFRANKO.svg]
[vlxddaiphucvinh.net/css/fonts/OpenSansBold.svg]
[vlxddaiphucvinh.net/css/fonts/RobotoMedium.svg]
[vlxddaiphucvinh.net/css/fonts/RobotoRegular.svg]
[vlxddaiphucvinh.net/css/fonts/RobotoBold.svg]
[vlxddaiphucvinh.net/css/fonts/RobotoBlack.svg]
[vlxddaiphucvinh.net/css/fonts/RobotoCondensedBold.svg]
[vlxddaiphucvinh.net/css/fonts/RobotoCondensedRegular.svg]
[vlxddaiphucvinh.net/css/fonts/RobotoItalic.svg]
[vlxddaiphucvinh.net/css/fonts/SFUHelveticaLight.svg]
[vlxddaiphucvinh.net/css/fonts/VSWISC.svg]
[vlxddaiphucvinh.net/css/fonts/SFUEurostileCondensed.svg]
[vlxddaiphucvinh.net/css/fonts/SFUFuturaBook.svg]
[vlxddaiphucvinh.net/css/fonts/UTMAvo.svg]
[vlxddaiphucvinh.net/css/fonts/UTMAvoBold.svg]
[vlxddaiphucvinh.net/css/fonts/GothamNarrowBook.svg]
[vlxddaiphucvinh.net/css/fonts/UTMHelvetIns.svg]
[vlxddaiphucvinh.net/css/font-awesome/fonts/fontawesome-webfont3295.svg]
[vlxddaiphucvinh.net/js/images/bg_slidercontent.html]
[vlxddaiphucvinh.net/index-2.html]
[vlxddaiphucvinh.net/amp/bootstrap/font-awesome-4.4.0/fonts/fontawesome-webfont93e3.eot]
[vlxddaiphucvinh.net/amp/bootstrap/font-awesome-4.4.0/fonts/fontawesome-webfontd41d.eot]
[vlxddaiphucvinh.net/amp/bootstrap/font-awesome-4.4.0/fonts/fontawesome-webfont93e3.woff2]
[vlxddaiphucvinh.net/amp/bootstrap/font-awesome-4.4.0/fonts/fontawesome-webfont93e3.woff]
[vlxddaiphucvinh.net/amp/bootstrap/font-awesome-4.4.0/fonts/fontawesome-webfont93e3.ttf]
[vlxddaiphucvinh.net/amp/bootstrap/font-awesome-4.4.0/fonts/fontawesome-webfont93e3.svg]
[cdn.ampproject.org/v0.js]
[cdn.ampproject.org/v0/amp-sidebar-0.1.js]
[cdn.ampproject.org/v0/amp-carousel-0.1.js]
[cdn.ampproject.org/v0/amp-image-lightbox-0.1.js]
[cdn.ampproject.org/v0/amp-accordion-0.1.js]
[cdn.ampproject.org/v0/amp-social-share-0.1.js]
[cdn.ampproject.org/v0/amp-install-serviceworker-0.1.js]
[cdn.ampproject.org/v0/amp-analytics-0.1.js]
[cdn.ampproject.org/v0/amp-form-0.1.js]
[vlxddaiphucvinh.net/amp/san-pham.html]
[vlxddaiphucvinh.net/amp/dpv-da-mi-sang.html]
[vlxddaiphucvinh.net/upload/product/da-mi-sang-4795.jpg]
[vlxddaiphucvinh.net/san-phamda-xay-dung.f0.delayed]
[vlxddaiphucvinh.net/upload/product/da-mi-sang-4795_550x420.jpg]
[vlxddaiphucvinh.net/tab-1.f2.delayed]
[vlxddaiphucvinh.net/tab-2]
[vlxddaiphucvinh.net/upload/images/đá mi sang1.jpg]
[vlxddaiphucvinh.net/upload/images/images.jpg]
[vlxddaiphucvinh.net/dpv-da-mi-sang.html]
[vlxddaiphucvinh.net/amp/dpv-da-mi-bui.html]
[vlxddaiphucvinh.net/upload/product/da-mi-bui-7872.jpg]
[vlxddaiphucvinh.net/upload/product/da-mi-bui-7872_550x420.jpg]
[vlxddaiphucvinh.net/dpv-da-mi-bui.html]
[vlxddaiphucvinh.net/amp/dpv-da-4x6.html]
[vlxddaiphucvinh.net/upload/product/da-4x6-4640.jpg]
[vlxddaiphucvinh.net/upload/product/da-4x6-4640_550x420.jpg]
[vlxddaiphucvinh.net/upload/images/da-4x6-4640_550x420.jpg]
[vlxddaiphucvinh.net/dpv-da-4x6.html]
[vlxddaiphucvinh.net/amp/dpv-da-1x2.html]
[vlxddaiphucvinh.net/upload/product/da-1x2-7066.jpg]
[vlxddaiphucvinh.net/upload/product/da-1x2-7066_550x420.jpg]
[vlxddaiphucvinh.net/upload/images/da-1x2-7066_550x420.jpg]
[vlxddaiphucvinh.net/dpv-da-1x2.html]
[vlxddaiphucvinh.net/amp/dpv-da-0x4.html]
[vlxddaiphucvinh.net/upload/product/da-0x4-7411.jpg]
[vlxddaiphucvinh.net/upload/product/da-0x4-7411_550x420.jpg]
[vlxddaiphucvinh.net/upload/images/da-0x4-7411_550x420.jpg]
[vlxddaiphucvinh.net/dpv-da-0x4.html]
[vlxddaiphucvinh.net/amp/dpv-cat-xay-to.html]
[vlxddaiphucvinh.net/upload/product/cat-xay-to-8004.jpg]
[vlxddaiphucvinh.net/san-phamcat-xay-dung.107.delayed]
[vlxddaiphucvinh.net/upload/product/cat-xay-to-8004_550x420.jpg]
[vlxddaiphucvinh.net/dpv-cat-xay-to.html]
[vlxddaiphucvinh.net/amp/dpv-cat-san-lap.html]
[vlxddaiphucvinh.net/upload/product/cat-san-lap-7012.jpg]
[vlxddaiphucvinh.net/upload/product/cat-san-lap-7012_550x420.jpg]
[vlxddaiphucvinh.net/upload/images/cat-san-lap-7012_550x420.jpg]
[vlxddaiphucvinh.net/dpv-cat-san-lap.html]
[vlxddaiphucvinh.net/amp/dpv-cat-be-tong.html]
[vlxddaiphucvinh.net/upload/product/cat-be-tong-4133.jpg]
[vlxddaiphucvinh.net/upload/product/cat-be-tong-4133_550x420.jpg]
[vlxddaiphucvinh.net/upload/images/cat-be-tong-4133_550x420.jpg]
[vlxddaiphucvinh.net/dpv-cat-be-tong.html]
[vlxddaiphucvinh.net/js/magiczoomplus/fonts/magictoolbox-thin.eot]
[vlxddaiphucvinh.net/js/magiczoomplus/fonts/magictoolbox-thind41d.eot]
[vlxddaiphucvinh.net/js/magiczoomplus/fonts/magictoolbox-thin.woff]
[vlxddaiphucvinh.net/js/magiczoomplus/fonts/magictoolbox-thin.ttf]
[vlxddaiphucvinh.net/js/magiczoomplus/magiczoomplus.css]
[vlxddaiphucvinh.net/js/magiczoomplus/fonts/magictoolbox-thin.svg]
[vlxddaiphucvinh.net/amp/cat-xay-dung.html]
[vlxddaiphucvinh.net/amp/da-xay-dung.html]
[vlxddaiphucvinh.net/upload/hinhanh/index.html]
[vlxddaiphucvinh.net/upload/baiviet/211bc5bde7f307ad5ee2-7270-1536296055-3039.jpg]
[vlxddaiphucvinh.net/xu-huong-su-dung-vat-lieu-xanh-trong-xay-dung.html]
[vlxddaiphucvinh.net/upload/baiviet/cg2a7193-1586264021-1586264904-4263-1586265039-8082.jpg]
[vlxddaiphucvinh.net/uu-the-cua-vat-lieu-xay-dung-than-thien-moi-truong.html]
[vlxddaiphucvinh.net/upload/baiviet/index.html]
[vlxddaiphucvinh.net/chinh-sach.html]
[vlxddaiphucvinh.net/amp/bootstrap/font-awesome-4.4.0/fonts/fontawesome-webfont93e3.html]
[vlxddaiphucvinh.net/amp/dpv-da-mi-sang.html]
[vlxddaiphucvinh.net/san-phamda-xay-dung.html]
[vlxddaiphucvinh.net/tab-1.html]
[vlxddaiphucvinh.net/tab-2.html]
[vlxddaiphucvinh.net/amp/dpv-da-mi-bui.html]
[vlxddaiphucvinh.net/amp/dpv-da-4x6.html]
[vlxddaiphucvinh.net/amp/dpv-da-1x2.html]
[vlxddaiphucvinh.net/amp/dpv-da-0x4.html]
[vlxddaiphucvinh.net/amp/dpv-cat-xay-to.html]
[vlxddaiphucvinh.net/san-phamcat-xay-dung.html]
[vlxddaiphucvinh.net/amp/dpv-cat-san-lap.html]
[vlxddaiphucvinh.net/amp/dpv-cat-be-tong.html]
[vlxddaiphucvinh.net/js/magiczoomplus/fonts/magictoolbox-thin.svg]
[vlxddaiphucvinh.com/uploads/page/2017_11/giao-hang-tan-noi.jpg]
